---
source: crates/phux-tui/src/render/chrome/sidebar.rs
expression: "strip_text(&p, rect)"
---
 Agents                  │
   none running yet      │
                         │
                         │
                         │
                         │
                         │
                         │
 Sessions                │
 ○ development           │
   on mini               │
   ● phux main           │
 ◐ feat-auth          *1 │
   on mini               │
 ○ prod-3             ?2 │
   on devbox             │
 + new window            │
 = commands  S settings  ‹
