---
source: crates/phux-client-core/src/multi_pane/mod.rs
expression: grid
---
bbbbbbbbbbbbbbbbbbbbbbbbbbbbbbbbbbbbbbbb┃ccccccccccccccccccccccccccccccccccccccc
bbbbbbbbbbbbbbbbbbbbbbbbbbbbbbbbbbbbbbbb┃ccccccccccccccccccccccccccccccccccccccc
bbbbbbbbbbbbbbbbbbbbbbbbbbbbbbbbbbbbbbbb┃ccccccccccccccccccccccccccccccccccccccc
bbbbbbbbbbbbbbbbbbbbbbbbbbbbbbbbbbbbbbbb┃ccccccccccccccccccccccccccccccccccccccc
bbbbbbbbbbbbbbbbbbbbbbbbbbbbbbbbbbbbbbbb┃ccccccccccccccccccccccccccccccccccccccc
bbbbbbbbbbbbbbbbbbbbbbbbbbbbbbbbbbbbbbbb┃ccccccccccccccccccccccccccccccccccccccc
bbbbbbbbbbbbbbbbbbbbbbbbbbbbbbbbbbbbbbbb┃ccccccccccccccccccccccccccccccccccccccc
bbbbbbbbbbbbbbbbbbbbbbbbbbbbbbbbbbbbbbbb┃ccccccccccccccccccccccccccccccccccccccc
bbbbbbbbbbbbbbbbbbbbbbbbbbbbbbbbbbbbbbbb┃ccccccccccccccccccccccccccccccccccccccc
bbbbbbbbbbbbbbbbbbbbbbbbbbbbbbbbbbbbbbbb┃ccccccccccccccccccccccccccccccccccccccc
bbbbbbbbbbbbbbbbbbbbbbbbbbbbbbbbbbbbbbbb┃ccccccccccccccccccccccccccccccccccccccc
bbbbbbbbbbbbbbbbbbbbbbbbbbbbbbbbbbbbbbbb┃ccccccccccccccccccccccccccccccccccccccc
bbbbbbbbbbbbbbbbbbbbbbbbbbbbbbbbbbbbbbbb┃ccccccccccccccccccccccccccccccccccccccc
bbbbbbbbbbbbbbbbbbbbbbbbbbbbbbbbbbbbbbbb┃ccccccccccccccccccccccccccccccccccccccc
bbbbbbbbbbbbbbbbbbbbbbbbbbbbbbbbbbbbbbbb┃ccccccccccccccccccccccccccccccccccccccc
bbbbbbbbbbbbbbbbbbbbbbbbbbbbbbbbbbbbbbbb┃ccccccccccccccccccccccccccccccccccccccc
bbbbbbbbbbbbbbbbbbbbbbbbbbbbbbbbbbbbbbbb┃ccccccccccccccccccccccccccccccccccccccc
bbbbbbbbbbbbbbbbbbbbbbbbbbbbbbbbbbbbbbbb┃ccccccccccccccccccccccccccccccccccccccc
bbbbbbbbbbbbbbbbbbbbbbbbbbbbbbbbbbbbbbbb┃ccccccccccccccccccccccccccccccccccccccc
bbbbbbbbbbbbbbbbbbbbbbbbbbbbbbbbbbbbbbbb┃ccccccccccccccccccccccccccccccccccccccc
bbbbbbbbbbbbbbbbbbbbbbbbbbbbbbbbbbbbbbbb┃ccccccccccccccccccccccccccccccccccccccc
bbbbbbbbbbbbbbbbbbbbbbbbbbbbbbbbbbbbbbbb┃ccccccccccccccccccccccccccccccccccccccc
bbbbbbbbbbbbbbbbbbbbbbbbbbbbbbbbbbbbbbbb┃ccccccccccccccccccccccccccccccccccccccc
bbbbbbbbbbbbbbbbbbbbbbbbbbbbbbbbbbbbbbbb┃ccccccccccccccccccccccccccccccccccccccc
