---
source: crates/phux-client/src/attach/multi_pane.rs
expression: grid
---
bbbbbbbbbbbbbbbbbbbbbbbbbbbbbbbbbbbbbbbb┃ccccccccccccccccccccccccccccccccccccccc
bbbbbbbbbbbbbbbbbbbbbbbbbbbbbbbbbbbbbbbb┃ccccccccccccccccccccccccccccccccccccccc
bbbbbbbbbbbbbbbbbbbbbbbbbbbbbbbbbbbbbbbb┃ccccccccccccccccccccccccccccccccccccccc
bbbbbbbbbbbbbbbbbbbbbbbbbbbbbbbbbbbbbbbb┃ccccccccccccccccccccccccccccccccccccccc
bbbbbbbbbbbbbbbbbbbbbbbbbbbbbbbbbbbbbbbb┃ccccccccccccccccccccccccccccccccccccccc
bbbbbbbbbbbbbbbbbbbbbbbbbbbbbbbbbbbbbbbb┃ccccccccccccccccccccccccccccccccccccccc
bbbbbbbbbbbbbbbbbbbbbbbbbbbbbbbbbbbbbbbb┃ccccccccccccccccccccccccccccccccccccccc
bbbbbbbbbbbbbbbbbbbbbbbbbbbbbbbbbbbbbbbb┃ccccccccccccccccccccccccccccccccccccccc
bbbbbbbbbbbbbbbbbbbbbbbbbbbbbbbbbbbbbbbb┃ccccccccccccccccccccccccccccccccccccccc
bbbbbbbbbbbbbbbbbbbbbbbbbbbbbbbbbbbbbbbb┃ccccccccccccccccccccccccccccccccccccccc
bbbbbbbbbbbbbbbbbbbbbbbbbbbbbbbbbbbbbbbb┃ccccccccccccccccccccccccccccccccccccccc
bbbbbbbbbbbbbbbbbbbbbbbbbbbbbbbbbbbbbbbb┃ccccccccccccccccccccccccccccccccccccccc
bbbbbbbbbbbbbbbbbbbbbbbbbbbbbbbbbbbbbbbb┃ccccccccccccccccccccccccccccccccccccccc
bbbbbbbbbbbbbbbbbbbbbbbbbbbbbbbbbbbbbbbb┃ccccccccccccccccccccccccccccccccccccccc
bbbbbbbbbbbbbbbbbbbbbbbbbbbbbbbbbbbbbbbb┃ccccccccccccccccccccccccccccccccccccccc
bbbbbbbbbbbbbbbbbbbbbbbbbbbbbbbbbbbbbbbb┃ccccccccccccccccccccccccccccccccccccccc
bbbbbbbbbbbbbbbbbbbbbbbbbbbbbbbbbbbbbbbb┃ccccccccccccccccccccccccccccccccccccccc
bbbbbbbbbbbbbbbbbbbbbbbbbbbbbbbbbbbbbbbb┃ccccccccccccccccccccccccccccccccccccccc
bbbbbbbbbbbbbbbbbbbbbbbbbbbbbbbbbbbbbbbb┃ccccccccccccccccccccccccccccccccccccccc
bbbbbbbbbbbbbbbbbbbbbbbbbbbbbbbbbbbbbbbb┃ccccccccccccccccccccccccccccccccccccccc
bbbbbbbbbbbbbbbbbbbbbbbbbbbbbbbbbbbbbbbb┃ccccccccccccccccccccccccccccccccccccccc
bbbbbbbbbbbbbbbbbbbbbbbbbbbbbbbbbbbbbbbb┃ccccccccccccccccccccccccccccccccccccccc
bbbbbbbbbbbbbbbbbbbbbbbbbbbbbbbbbbbbbbbb┃ccccccccccccccccccccccccccccccccccccccc
bbbbbbbbbbbbbbbbbbbbbbbbbbbbbbbbbbbbbbbb┃ccccccccccccccccccccccccccccccccccccccc
