---
source: crates/phux-tui/src/attach/driver/tests.rs
expression: "rows.iter().map(|r| r.trim_end()).collect::<Vec<_>>().join(\"\\n\")"
---
 Agents            │────────────────────────────────────────────────────────────
   none running y… │PANE-BASE
                   │
                   │
                   │
                   │
                   │┌──────────────────── command palette ─────────────────────┐
                   ││>                                                         │
                   ││                                                          │
                   ││detach                                                    │
                   ││new-window                                                │
 Sessions          ││                                                          │
 ○ probe           ││Enter select  ·  Esc cancel  ·  type to filter            │
   on probe-host   ││                                                          │
   ● w1-agent      ││                                                          │
                   ││                                                          │
                   ││                                                          │
                   ││                                                          │
                   │└──────────────────────────────────────────────────────────┘
                   │
                   │
                   │
 + new window      │
 = commands        ‹
