---
source: crates/phux-client/src/attach/driver.rs
expression: "rows.iter().map(|r| r.trim_end()).collect::<Vec<_>>().join(\"\\n\")"
---
▸ w1-agent         │PANE-BASE
    foz10-br       │
                   │
                   │
                   │
                ┌────────────── command palette ───────────────┐
                │>                                             │
                │                                              │
                │detach                                        │
                │new-window                                    │
                │                                              │
                │Enter select  ·  Esc cancel  ·  type to filter│
                │                                              │
                │                                              │
                │                                              │
                │                                              │
                │                                              │
                │                                              │
                └──────────────────────────────────────────────┘

                   │
                   │
  + new            │
  = menu           │
